ASxxxx Linker V03.00 + NoICE + sdld,  page 1.
Hexadecimal  [32-Bits]

Area                                    Addr        Size        Decimal Bytes (Attributes)
--------------------------------        ----        ----        ------- ----- ------------
CABS                                00000000    00000000 =           0. bytes (ABS,CON,CODE)

      Value  Global                              Global Defined In Module
      -----  --------------------------------   ------------------------
C:   00000000  l_BIT_BANK                      
C:   00000000  l_BSEG                          
C:   00000000  l_BSEG_BYTES                    
C:   00000000  l_CABS                          
C:   00000000  l_CONST                         
C:   00000000  l_GSINIT1                       
C:   00000000  l_GSINIT5                       
C:   00000000  l_IABS                          
C:   00000000  l_ISEG                          
C:   00000000  l_OSEG                          
C:   00000000  l_PSEG                          
C:   00000000  l_REG_BANK_1                    
C:   00000000  l_REG_BANK_2                    
C:   00000000  l_REG_BANK_3                    
C:   00000000  l_RSEG                          
C:   00000000  l_RSEG0                         
C:   00000000  l_RSEG1                         
C:   00000000  l_XABS                          
C:   00000000  l_XINIT                         
C:   00000000  l_XISEG                         
C:   00000000  l_XSEG                          
C:   00000000  l__CODE                         
C:   00000000  s_BSEG                          
C:   00000000  s_CABS                          
C:   00000000  s_DSEG                          
C:   00000000  s_HOME                          
C:   00000000  s_IABS                          
C:   00000000  s_ISEG                          
C:   00000000  s_REG_BANK_0                    
C:   00000000  s_RSEG                          
C:   00000000  s_RSEG0                         
C:   00000000  s_RSEG1                         
C:   00000000  s_XABS                          
C:   00000001  s_PSEG                          
C:   00000001  s_XISEG                         
C:   00000001  s_XSEG                          
C:   00000003  l_GSFINAL                       
C:   00000003  l_GSINIT0                       
C:   00000006  l_HOME                          
C:   00000006  s_GSINIT0                       
C:   00000008  l_REG_BANK_0                    
C:   00000008  s_REG_BANK_1                    
C:   00000009  s_GSINIT1                       
C:   00000009  s_GSINIT2                       
C:   0000000A  l_GSINIT2                       
C:   0000000C  l_GSINIT                        
C:   00000010  s_REG_BANK_2                    
C:   00000010  s_SSEG                          
C:   00000013  s_GSINIT3                       
C:   00000018  s_BIT_BANK                      
ASxxxx Linker V03.00 + NoICE + sdld,  page 2.
Hexadecimal  [32-Bits]

Area                                    Addr        Size        Decimal Bytes (Attributes)
--------------------------------        ----        ----        ------- ----- ------------
CABS                                00000000    00000000 =           0. bytes (ABS,CON,CODE)

      Value  Global                              Global Defined In Module
      -----  --------------------------------   ------------------------
C:   00000018  s_OSEG                          
C:   00000018  s_REG_BANK_3                    
C:   00000020  s_BSEG_BYTES                    
C:   00000020  s__CODE                         
C:   00000022  l_GSINIT3                       
C:   0000002A  l_GSINIT4                       
C:   00000035  s_GSINIT4                       
C:   0000005F  s_GSINIT                        
C:   0000005F  s_GSINIT5                       
C:   0000006B  s_GSFINAL                       
C:   0000006C  l_CSEG                          
C:   0000006E  s_CSEG                          
C:   00000080  l_DSEG                          
C:   000000DA  s_CONST                         
C:   000000DA  s_XINIT                         
C:   000000F0  l_SSEG                          
C:   00000100  l_IRAM                          

ASxxxx Linker V03.00 + NoICE + sdld,  page 3.
Hexadecimal  [32-Bits]

Area                                    Addr        Size        Decimal Bytes (Attributes)
--------------------------------        ----        ----        ------- ----- ------------
.  .ABS.                            00000000    00000000 =           0. bytes (ABS,CON)

      Value  Global                              Global Defined In Module
      -----  --------------------------------   ------------------------
     00000000  .__.ABS.                           _startup
     00000080  _P0                                hw
     00000080  _P0_0                              hw
     00000081  _P0_1                              hw
     00000081  _SP                                hw
     00000082  _DPL                               hw
     00000082  _P0_2                              hw
     00000083  _DPH                               hw
     00000083  _P0_3                              hw
     00000084  _P0_4                              hw
     00000085  _P0_5                              hw
     00000086  _P0_6                              hw
     00000087  _P0_7                              hw
     00000087  _PCON                              hw
     00000088  _IT0                               hw
     00000088  _TCON                              hw
     00000089  _IE0                               hw
     00000089  _TMOD                              hw
     0000008A  _IT1                               hw
     0000008A  _TL0                               hw
     0000008B  _IE1                               hw
     0000008B  _TL1                               hw
     0000008C  _TH0                               hw
     0000008C  _TR0                               hw
     0000008D  _TF0                               hw
     0000008D  _TH1                               hw
     0000008E  _TR1                               hw
     0000008F  _TF1                               hw
     00000090  _P1                                hw
     00000090  _P1_0                              hw
     00000091  _P1_1                              hw
     00000092  _P1_2                              hw
     00000093  _P1_3                              hw
     00000094  _P1_4                              hw
     00000095  _P1_5                              hw
     00000096  _P1_6                              hw
     00000097  _P1_7                              hw
     00000098  _RI                                hw
     00000098  _SCON                              hw
     00000099  _SBUF                              hw
     00000099  _TI                                hw
     0000009A  _RB8                               hw
     0000009B  _TB8                               hw
     0000009C  _REN                               hw
     0000009D  _SM2                               hw
     0000009E  _SM1                               hw
     0000009F  _SM0                               hw
     000000A0  _P2                                hw
     000000A0  _P2_0                              hw
     000000A0  __XPAGE                            
ASxxxx Linker V03.00 + NoICE + sdld,  page 4.
Hexadecimal  [32-Bits]

Area                                    Addr        Size        Decimal Bytes (Attributes)
--------------------------------        ----        ----        ------- ----- ------------
.  .ABS.                            00000000    00000000 =           0. bytes (ABS,CON)

      Value  Global                              Global Defined In Module
      -----  --------------------------------   ------------------------
     000000A1  _P2_1                              hw
     000000A2  _P2_2                              hw
     000000A3  _P2_3                              hw
     000000A4  _P2_4                              hw
     000000A5  _P2_5                              hw
     000000A6  _P2_6                              hw
     000000A7  _P2_7                              hw
     000000A8  _EX0                               hw
     000000A8  _IE                                hw
     000000A9  _ET0                               hw
     000000AA  _EX1                               hw
     000000AB  _ET1                               hw
     000000AC  _ES                                hw
     000000AD  _ET2                               hw
     000000AF  _EA                                hw
     000000B0  _P3                                hw
     000000B0  _P3_0                              hw
     000000B0  _RXD                               hw
     000000B1  _P3_1                              hw
     000000B1  _TXD                               hw
     000000B2  _INT0                              hw
     000000B2  _P3_2                              hw
     000000B3  _INT1                              hw
     000000B3  _P3_3                              hw
     000000B4  _P3_4                              hw
     000000B4  _T0                                hw
     000000B5  _P3_5                              hw
     000000B5  _T1                                hw
     000000B6  _P3_6                              hw
     000000B6  _WR                                hw
     000000B7  _P3_7                              hw
     000000B7  _RD                                hw
     000000B8  _IP                                hw
     000000B8  _PX0                               hw
     000000B9  _PT0                               hw
     000000BA  _PX1                               hw
     000000BB  _PT1                               hw
     000000BC  _PS                                hw
     000000BD  _PT2                               hw
     000000C8  _CP_RL2                            hw
     000000C8  _T2CON                             hw
     000000C8  _T2CON_0                           hw
     000000C9  _C_T2                              hw
     000000C9  _T2CON_1                           hw
     000000CA  _RCAP2L                            hw
     000000CA  _T2CON_2                           hw
     000000CA  _TR2                               hw
     000000CB  _EXEN2                             hw
     000000CB  _RCAP2H                            hw
     000000CB  _T2CON_3                           hw
     000000CC  _T2CON_4                           hw
ASxxxx Linker V03.00 + NoICE + sdld,  page 5.
Hexadecimal  [32-Bits]

Area                                    Addr        Size        Decimal Bytes (Attributes)
--------------------------------        ----        ----        ------- ----- ------------
.  .ABS.                            00000000    00000000 =           0. bytes (ABS,CON)

      Value  Global                              Global Defined In Module
      -----  --------------------------------   ------------------------
     000000CC  _TCLK                              hw
     000000CC  _TL2                               hw
     000000CD  _RCLK                              hw
     000000CD  _T2CON_5                           hw
     000000CD  _TH2                               hw
     000000CE  _EXF2                              hw
     000000CE  _T2CON_6                           hw
     000000CF  _T2CON_7                           hw
     000000CF  _TF2                               hw
     000000D0  _P                                 hw
     000000D0  _PSW                               hw
     000000D1  _F1                                hw
     000000D2  _OV                                hw
     000000D3  _RS0                               hw
     000000D4  _RS1                               hw
     000000D5  _F0                                hw
     000000D6  _AC                                hw
     000000D7  _CY                                hw
     000000E0  _ACC                               hw
     000000F0  _B                                 hw

ASxxxx Linker V03.00 + NoICE + sdld,  page 6.
Hexadecimal  [32-Bits]

Area                                    Addr        Size        Decimal Bytes (Attributes)
--------------------------------        ----        ----        ------- ----- ------------
REG_BANK_0                          00000000    00000008 =           8. bytes (REL,OVR)

      Value  Global                              Global Defined In Module
      -----  --------------------------------   ------------------------
ASxxxx Linker V03.00 + NoICE + sdld,  page 7.
Hexadecimal  [32-Bits]

Area                                    Addr        Size        Decimal Bytes (Attributes)
--------------------------------        ----        ----        ------- ----- ------------
DSEG                                00000000    00000080 =         128. bytes (REL,CON)

      Value  Global                              Global Defined In Module
      -----  --------------------------------   ------------------------
     00000008  _step                              hw
     0000000C  _dir                               hw
     0000000E  _dt                                hw
ASxxxx Linker V03.00 + NoICE + sdld,  page 8.
Hexadecimal  [32-Bits]

Area                                    Addr        Size        Decimal Bytes (Attributes)
--------------------------------        ----        ----        ------- ----- ------------
SSEG                                00000010    000000F0 =         240. bytes (REL,OVR)

      Value  Global                              Global Defined In Module
      -----  --------------------------------   ------------------------
     00000010  __start__stack                     hw

ASxxxx Linker V03.00 + NoICE + sdld,  page 9.
Hexadecimal  [32-Bits]

Area                                    Addr        Size        Decimal Bytes (Attributes)
--------------------------------        ----        ----        ------- ----- ------------
HOME                                00000000    00000006 =           6. bytes (REL,CON,CODE)

      Value  Global                              Global Defined In Module
      -----  --------------------------------   ------------------------
C:   00000003  __sdcc_program_startup             hw

ASxxxx Linker V03.00 + NoICE + sdld,  page 10.
Hexadecimal  [32-Bits]

Area                                    Addr        Size        Decimal Bytes (Attributes)
--------------------------------        ----        ----        ------- ----- ------------
GSINIT0                             00000006    00000003 =           3. bytes (REL,CON,CODE)

      Value  Global                              Global Defined In Module
      -----  --------------------------------   ------------------------
C:   00000006  __sdcc_gsinit_startup              

ASxxxx Linker V03.00 + NoICE + sdld,  page 11.
Hexadecimal  [32-Bits]

Area                                    Addr        Size        Decimal Bytes (Attributes)
--------------------------------        ----        ----        ------- ----- ------------
GSINIT2                             00000009    0000000A =          10. bytes (REL,CON,CODE)

      Value  Global                              Global Defined In Module
      -----  --------------------------------   ------------------------
ASxxxx Linker V03.00 + NoICE + sdld,  page 12.
Hexadecimal  [32-Bits]

Area                                    Addr        Size        Decimal Bytes (Attributes)
--------------------------------        ----        ----        ------- ----- ------------
GSINIT3                             00000013    00000022 =          34. bytes (REL,CON,CODE)

      Value  Global                              Global Defined In Module
      -----  --------------------------------   ------------------------
C:   00000013  __mcs51_genXINIT                   

ASxxxx Linker V03.00 + NoICE + sdld,  page 13.
Hexadecimal  [32-Bits]

Area                                    Addr        Size        Decimal Bytes (Attributes)
--------------------------------        ----        ----        ------- ----- ------------
GSINIT4                             00000035    0000002A =          42. bytes (REL,CON,CODE)

      Value  Global                              Global Defined In Module
      -----  --------------------------------   ------------------------
C:   00000035  __mcs51_genRAMCLEAR                
C:   0000003B  __mcs51_genXRAMCLEAR               

ASxxxx Linker V03.00 + NoICE + sdld,  page 14.
Hexadecimal  [32-Bits]

Area                                    Addr        Size        Decimal Bytes (Attributes)
--------------------------------        ----        ----        ------- ----- ------------
GSINIT                              0000005F    0000000C =          12. bytes (REL,CON,CODE)

      Value  Global                              Global Defined In Module
      -----  --------------------------------   ------------------------
ASxxxx Linker V03.00 + NoICE + sdld,  page 15.
Hexadecimal  [32-Bits]

Area                                    Addr        Size        Decimal Bytes (Attributes)
--------------------------------        ----        ----        ------- ----- ------------
GSFINAL                             0000006B    00000003 =           3. bytes (REL,CON,CODE)

      Value  Global                              Global Defined In Module
      -----  --------------------------------   ------------------------
ASxxxx Linker V03.00 + NoICE + sdld,  page 16.
Hexadecimal  [32-Bits]

Area                                    Addr        Size        Decimal Bytes (Attributes)
--------------------------------        ----        ----        ------- ----- ------------
CSEG                                0000006E    0000006C =         108. bytes (REL,CON,CODE)

      Value  Global                              Global Defined In Module
      -----  --------------------------------   ------------------------
C:   0000006E  _main                              hw
C:   0000007F  _turn                              hw
C:   000000B7  _delay                             hw
C:   000000D6  __sdcc_external_startup            _startup

ASxxxx Linker V03.00 + NoICE + sdld,  page 17.

Files Linked                              [ module(s) ]

hw.rel                                    [  ]


Libraries Linked                          [ object file ]

/usr/bin/../share/sdcc/lib/small/mcs51.lib
                                          [ crtclear.rel ]
/usr/bin/../share/sdcc/lib/small/mcs51.lib
                                          [ crtxinit.rel ]
/usr/bin/../share/sdcc/lib/small/mcs51.lib
                                          [ crtxclear.rel ]
/usr/bin/../share/sdcc/lib/small/mcs51.lib
                                          [ crtpagesfr.rel ]
/usr/bin/../share/sdcc/lib/small/mcs51.lib
                                          [ crtstart.rel ]
/usr/bin/../share/sdcc/lib/small/libsdcc.lib
                                          [ _startup.rel ]

ASxxxx Linker V03.00 + NoICE + sdld,  page 18.

User Base Address Definitions

HOME = 0x0000
XSEG = 0x0001
PSEG = 0x0001
ISEG = 0x0000
BSEG = 0x0000

